--------------------------------------------------------------------------------
Release 14.7 Trace  (nt64)
Copyright (c) 1995-2013 Xilinx, Inc.  All rights reserved.

C:\Xilinx\14.7\ISE_DS\ISE\bin\nt64\unwrapped\trce.exe -intstyle ise -o
mojo_top_0.twr -v 30 -l 30 mojo_top_0_routed.ncd mojo_top_0.pcf

Design file:              mojo_top_0_routed.ncd
Physical constraint file: mojo_top_0.pcf
Device,package,speed:     xc6slx9,tqg144,C,-2 (PRODUCTION 1.23 2013-10-13)
Report level:             verbose report, limited to 30 items per constraint

Environment Variable      Effect 
--------------------      ------ 
NONE                      No environment variables were set
--------------------------------------------------------------------------------

INFO:Timing:2698 - No timing constraints found, doing default enumeration.
INFO:Timing:3412 - To improve timing, see the Timing Closure User Guide (UG612).
INFO:Timing:2752 - To get complete path coverage, use the unconstrained paths 
   option. All paths that are not constrained will be reported in the 
   unconstrained paths section(s) of the report.
INFO:Timing:3339 - The clock-to-out numbers in this timing report are based on 
   a 50 Ohm transmission line loading model.  For the details of this model, 
   and for more information on accounting for different loading conditions, 
   please see the device datasheet.



Data Sheet report:
-----------------
All values displayed in nanoseconds (ns)

Pad to Pad
---------------+---------------+---------+
Source Pad     |Destination Pad|  Delay  |
---------------+---------------+---------+
io_button[0]   |led[0]         |    9.240|
io_button[1]   |led[1]         |    9.148|
io_button[2]   |led[2]         |    9.033|
io_button[3]   |led[3]         |    9.243|
io_button[4]   |led[4]         |    9.453|
io_dip[0]      |io_led[0]      |    9.341|
io_dip[0]      |io_led[16]     |   20.173|
io_dip[0]      |io_led[17]     |   19.675|
io_dip[0]      |io_led[18]     |   20.448|
io_dip[0]      |io_led[19]     |   20.429|
io_dip[0]      |io_led[20]     |   20.580|
io_dip[0]      |io_led[21]     |   21.066|
io_dip[0]      |io_led[22]     |   20.634|
io_dip[0]      |io_led[23]     |   20.119|
io_dip[0]      |io_seg[0]      |   20.990|
io_dip[0]      |io_seg[1]      |   20.804|
io_dip[0]      |io_seg[2]      |   22.518|
io_dip[0]      |io_seg[3]      |   22.167|
io_dip[0]      |io_seg[4]      |   22.046|
io_dip[0]      |io_seg[5]      |   20.988|
io_dip[0]      |io_seg[6]      |   21.855|
io_dip[0]      |io_seg[7]      |   22.752|
io_dip[1]      |io_led[1]      |    9.341|
io_dip[1]      |io_led[16]     |   20.349|
io_dip[1]      |io_led[17]     |   19.851|
io_dip[1]      |io_led[18]     |   20.624|
io_dip[1]      |io_led[19]     |   20.605|
io_dip[1]      |io_led[20]     |   20.756|
io_dip[1]      |io_led[21]     |   21.242|
io_dip[1]      |io_led[22]     |   20.810|
io_dip[1]      |io_led[23]     |   20.295|
io_dip[1]      |io_seg[0]      |   21.166|
io_dip[1]      |io_seg[1]      |   20.980|
io_dip[1]      |io_seg[2]      |   22.694|
io_dip[1]      |io_seg[3]      |   22.343|
io_dip[1]      |io_seg[4]      |   22.222|
io_dip[1]      |io_seg[5]      |   21.164|
io_dip[1]      |io_seg[6]      |   22.031|
io_dip[1]      |io_seg[7]      |   22.928|
io_dip[2]      |io_led[2]      |   11.590|
io_dip[2]      |io_led[16]     |   19.898|
io_dip[2]      |io_led[17]     |   19.400|
io_dip[2]      |io_led[18]     |   20.173|
io_dip[2]      |io_led[19]     |   20.154|
io_dip[2]      |io_led[20]     |   20.305|
io_dip[2]      |io_led[21]     |   20.791|
io_dip[2]      |io_led[22]     |   20.359|
io_dip[2]      |io_led[23]     |   19.844|
io_dip[2]      |io_seg[0]      |   20.715|
io_dip[2]      |io_seg[1]      |   20.529|
io_dip[2]      |io_seg[2]      |   22.243|
io_dip[2]      |io_seg[3]      |   21.892|
io_dip[2]      |io_seg[4]      |   21.771|
io_dip[2]      |io_seg[5]      |   20.713|
io_dip[2]      |io_seg[6]      |   21.580|
io_dip[2]      |io_seg[7]      |   22.477|
io_dip[3]      |io_led[3]      |   11.217|
io_dip[3]      |io_led[16]     |   19.400|
io_dip[3]      |io_led[17]     |   18.902|
io_dip[3]      |io_led[18]     |   19.675|
io_dip[3]      |io_led[19]     |   19.656|
io_dip[3]      |io_led[20]     |   19.807|
io_dip[3]      |io_led[21]     |   20.293|
io_dip[3]      |io_led[22]     |   19.861|
io_dip[3]      |io_led[23]     |   19.346|
io_dip[3]      |io_seg[0]      |   20.217|
io_dip[3]      |io_seg[1]      |   20.031|
io_dip[3]      |io_seg[2]      |   21.745|
io_dip[3]      |io_seg[3]      |   21.394|
io_dip[3]      |io_seg[4]      |   21.273|
io_dip[3]      |io_seg[5]      |   20.215|
io_dip[3]      |io_seg[6]      |   21.082|
io_dip[3]      |io_seg[7]      |   21.979|
io_dip[4]      |io_led[4]      |   10.866|
io_dip[4]      |io_led[16]     |   19.165|
io_dip[4]      |io_led[17]     |   18.667|
io_dip[4]      |io_led[18]     |   19.440|
io_dip[4]      |io_led[19]     |   19.421|
io_dip[4]      |io_led[20]     |   19.572|
io_dip[4]      |io_led[21]     |   20.058|
io_dip[4]      |io_led[22]     |   19.626|
io_dip[4]      |io_led[23]     |   19.111|
io_dip[4]      |io_seg[0]      |   19.982|
io_dip[4]      |io_seg[1]      |   19.796|
io_dip[4]      |io_seg[2]      |   21.510|
io_dip[4]      |io_seg[3]      |   21.159|
io_dip[4]      |io_seg[4]      |   21.038|
io_dip[4]      |io_seg[5]      |   19.980|
io_dip[4]      |io_seg[6]      |   20.847|
io_dip[4]      |io_seg[7]      |   21.744|
io_dip[5]      |io_led[5]      |   11.305|
io_dip[5]      |io_led[16]     |   19.276|
io_dip[5]      |io_led[17]     |   18.778|
io_dip[5]      |io_led[18]     |   19.551|
io_dip[5]      |io_led[19]     |   19.532|
io_dip[5]      |io_led[20]     |   19.683|
io_dip[5]      |io_led[21]     |   20.169|
io_dip[5]      |io_led[22]     |   19.737|
io_dip[5]      |io_led[23]     |   19.222|
io_dip[5]      |io_seg[0]      |   20.093|
io_dip[5]      |io_seg[1]      |   19.907|
io_dip[5]      |io_seg[2]      |   21.621|
io_dip[5]      |io_seg[3]      |   21.270|
io_dip[5]      |io_seg[4]      |   21.149|
io_dip[5]      |io_seg[5]      |   20.091|
io_dip[5]      |io_seg[6]      |   20.958|
io_dip[5]      |io_seg[7]      |   21.855|
io_dip[6]      |io_led[6]      |   11.824|
io_dip[6]      |io_led[16]     |   19.142|
io_dip[6]      |io_led[17]     |   18.644|
io_dip[6]      |io_led[18]     |   19.417|
io_dip[6]      |io_led[19]     |   19.398|
io_dip[6]      |io_led[20]     |   19.549|
io_dip[6]      |io_led[21]     |   20.035|
io_dip[6]      |io_led[22]     |   19.603|
io_dip[6]      |io_led[23]     |   19.088|
io_dip[6]      |io_seg[0]      |   19.959|
io_dip[6]      |io_seg[1]      |   19.773|
io_dip[6]      |io_seg[2]      |   21.487|
io_dip[6]      |io_seg[3]      |   21.136|
io_dip[6]      |io_seg[4]      |   21.015|
io_dip[6]      |io_seg[5]      |   19.957|
io_dip[6]      |io_seg[6]      |   20.824|
io_dip[6]      |io_seg[7]      |   21.721|
io_dip[7]      |io_led[7]      |   12.376|
io_dip[7]      |io_led[16]     |   19.537|
io_dip[7]      |io_led[17]     |   19.039|
io_dip[7]      |io_led[18]     |   19.812|
io_dip[7]      |io_led[19]     |   19.793|
io_dip[7]      |io_led[20]     |   19.944|
io_dip[7]      |io_led[21]     |   20.430|
io_dip[7]      |io_led[22]     |   19.998|
io_dip[7]      |io_led[23]     |   19.483|
io_dip[7]      |io_seg[0]      |   20.354|
io_dip[7]      |io_seg[1]      |   20.168|
io_dip[7]      |io_seg[2]      |   21.882|
io_dip[7]      |io_seg[3]      |   21.531|
io_dip[7]      |io_seg[4]      |   21.410|
io_dip[7]      |io_seg[5]      |   20.352|
io_dip[7]      |io_seg[6]      |   21.219|
io_dip[7]      |io_seg[7]      |   22.116|
io_dip[8]      |io_led[8]      |   12.046|
io_dip[8]      |io_led[16]     |   20.566|
io_dip[8]      |io_led[17]     |   20.068|
io_dip[8]      |io_led[18]     |   20.841|
io_dip[8]      |io_led[19]     |   20.822|
io_dip[8]      |io_led[20]     |   20.973|
io_dip[8]      |io_led[21]     |   21.459|
io_dip[8]      |io_led[22]     |   21.027|
io_dip[8]      |io_led[23]     |   20.512|
io_dip[8]      |io_seg[0]      |   21.383|
io_dip[8]      |io_seg[1]      |   21.197|
io_dip[8]      |io_seg[2]      |   22.911|
io_dip[8]      |io_seg[3]      |   22.560|
io_dip[8]      |io_seg[4]      |   22.439|
io_dip[8]      |io_seg[5]      |   21.381|
io_dip[8]      |io_seg[6]      |   22.248|
io_dip[8]      |io_seg[7]      |   23.145|
io_dip[9]      |io_led[9]      |   12.321|
io_dip[9]      |io_led[16]     |   20.933|
io_dip[9]      |io_led[17]     |   20.435|
io_dip[9]      |io_led[18]     |   21.208|
io_dip[9]      |io_led[19]     |   21.189|
io_dip[9]      |io_led[20]     |   21.340|
io_dip[9]      |io_led[21]     |   21.826|
io_dip[9]      |io_led[22]     |   21.394|
io_dip[9]      |io_led[23]     |   20.879|
io_dip[9]      |io_seg[0]      |   21.750|
io_dip[9]      |io_seg[1]      |   21.564|
io_dip[9]      |io_seg[2]      |   23.278|
io_dip[9]      |io_seg[3]      |   22.927|
io_dip[9]      |io_seg[4]      |   22.806|
io_dip[9]      |io_seg[5]      |   21.748|
io_dip[9]      |io_seg[6]      |   22.615|
io_dip[9]      |io_seg[7]      |   23.512|
io_dip[10]     |io_led[10]     |   13.001|
io_dip[10]     |io_led[16]     |   20.864|
io_dip[10]     |io_led[17]     |   20.366|
io_dip[10]     |io_led[18]     |   21.139|
io_dip[10]     |io_led[19]     |   21.120|
io_dip[10]     |io_led[20]     |   21.271|
io_dip[10]     |io_led[21]     |   21.757|
io_dip[10]     |io_led[22]     |   21.325|
io_dip[10]     |io_led[23]     |   20.810|
io_dip[10]     |io_seg[0]      |   21.681|
io_dip[10]     |io_seg[1]      |   21.495|
io_dip[10]     |io_seg[2]      |   23.209|
io_dip[10]     |io_seg[3]      |   22.858|
io_dip[10]     |io_seg[4]      |   22.737|
io_dip[10]     |io_seg[5]      |   21.679|
io_dip[10]     |io_seg[6]      |   22.546|
io_dip[10]     |io_seg[7]      |   23.443|
io_dip[11]     |io_led[11]     |   12.029|
io_dip[11]     |io_led[16]     |   19.892|
io_dip[11]     |io_led[17]     |   19.394|
io_dip[11]     |io_led[18]     |   20.167|
io_dip[11]     |io_led[19]     |   20.148|
io_dip[11]     |io_led[20]     |   20.299|
io_dip[11]     |io_led[21]     |   20.785|
io_dip[11]     |io_led[22]     |   20.353|
io_dip[11]     |io_led[23]     |   19.838|
io_dip[11]     |io_seg[0]      |   20.709|
io_dip[11]     |io_seg[1]      |   20.523|
io_dip[11]     |io_seg[2]      |   22.237|
io_dip[11]     |io_seg[3]      |   21.886|
io_dip[11]     |io_seg[4]      |   21.765|
io_dip[11]     |io_seg[5]      |   20.707|
io_dip[11]     |io_seg[6]      |   21.574|
io_dip[11]     |io_seg[7]      |   22.471|
io_dip[12]     |io_led[12]     |   13.359|
io_dip[12]     |io_led[16]     |   20.442|
io_dip[12]     |io_led[17]     |   19.944|
io_dip[12]     |io_led[18]     |   20.717|
io_dip[12]     |io_led[19]     |   20.698|
io_dip[12]     |io_led[20]     |   20.849|
io_dip[12]     |io_led[21]     |   21.335|
io_dip[12]     |io_led[22]     |   20.903|
io_dip[12]     |io_led[23]     |   20.388|
io_dip[12]     |io_seg[0]      |   21.259|
io_dip[12]     |io_seg[1]      |   21.073|
io_dip[12]     |io_seg[2]      |   22.787|
io_dip[12]     |io_seg[3]      |   22.436|
io_dip[12]     |io_seg[4]      |   22.315|
io_dip[12]     |io_seg[5]      |   21.257|
io_dip[12]     |io_seg[6]      |   22.124|
io_dip[12]     |io_seg[7]      |   23.021|
io_dip[13]     |io_led[13]     |   11.552|
io_dip[13]     |io_led[16]     |   18.961|
io_dip[13]     |io_led[17]     |   18.463|
io_dip[13]     |io_led[18]     |   19.236|
io_dip[13]     |io_led[19]     |   19.217|
io_dip[13]     |io_led[20]     |   19.368|
io_dip[13]     |io_led[21]     |   19.854|
io_dip[13]     |io_led[22]     |   19.422|
io_dip[13]     |io_led[23]     |   18.907|
io_dip[13]     |io_seg[0]      |   19.778|
io_dip[13]     |io_seg[1]      |   19.592|
io_dip[13]     |io_seg[2]      |   21.306|
io_dip[13]     |io_seg[3]      |   20.955|
io_dip[13]     |io_seg[4]      |   20.834|
io_dip[13]     |io_seg[5]      |   19.776|
io_dip[13]     |io_seg[6]      |   20.643|
io_dip[13]     |io_seg[7]      |   21.540|
io_dip[14]     |io_led[14]     |   10.154|
io_dip[14]     |io_led[16]     |   19.740|
io_dip[14]     |io_led[17]     |   19.242|
io_dip[14]     |io_led[18]     |   20.015|
io_dip[14]     |io_led[19]     |   19.996|
io_dip[14]     |io_led[20]     |   20.147|
io_dip[14]     |io_led[21]     |   20.633|
io_dip[14]     |io_led[22]     |   20.201|
io_dip[14]     |io_led[23]     |   19.686|
io_dip[14]     |io_seg[0]      |   20.557|
io_dip[14]     |io_seg[1]      |   20.371|
io_dip[14]     |io_seg[2]      |   22.085|
io_dip[14]     |io_seg[3]      |   21.734|
io_dip[14]     |io_seg[4]      |   21.613|
io_dip[14]     |io_seg[5]      |   20.555|
io_dip[14]     |io_seg[6]      |   21.422|
io_dip[14]     |io_seg[7]      |   22.319|
io_dip[15]     |io_led[15]     |   13.391|
io_dip[15]     |io_led[16]     |   20.802|
io_dip[15]     |io_led[17]     |   20.304|
io_dip[15]     |io_led[18]     |   21.077|
io_dip[15]     |io_led[19]     |   21.058|
io_dip[15]     |io_led[20]     |   21.209|
io_dip[15]     |io_led[21]     |   21.695|
io_dip[15]     |io_led[22]     |   21.263|
io_dip[15]     |io_led[23]     |   20.748|
io_dip[15]     |io_seg[0]      |   21.619|
io_dip[15]     |io_seg[1]      |   21.433|
io_dip[15]     |io_seg[2]      |   23.147|
io_dip[15]     |io_seg[3]      |   22.796|
io_dip[15]     |io_seg[4]      |   22.675|
io_dip[15]     |io_seg[5]      |   21.617|
io_dip[15]     |io_seg[6]      |   22.484|
io_dip[15]     |io_seg[7]      |   23.381|
io_dip[18]     |io_led[16]     |   16.995|
io_dip[18]     |io_led[17]     |   16.311|
io_dip[18]     |io_led[18]     |   16.611|
io_dip[18]     |io_led[19]     |   16.732|
io_dip[18]     |io_led[20]     |   17.354|
io_dip[18]     |io_led[21]     |   17.384|
io_dip[18]     |io_led[22]     |   17.074|
io_dip[18]     |io_led[23]     |   17.264|
io_dip[18]     |io_seg[0]      |   18.135|
io_dip[18]     |io_seg[1]      |   17.949|
io_dip[18]     |io_seg[2]      |   19.663|
io_dip[18]     |io_seg[3]      |   19.312|
io_dip[18]     |io_seg[4]      |   19.191|
io_dip[18]     |io_seg[5]      |   18.133|
io_dip[18]     |io_seg[6]      |   19.000|
io_dip[18]     |io_seg[7]      |   19.897|
io_dip[19]     |io_led[16]     |   16.639|
io_dip[19]     |io_led[17]     |   15.603|
io_dip[19]     |io_led[18]     |   15.903|
io_dip[19]     |io_led[19]     |   15.796|
io_dip[19]     |io_led[20]     |   16.477|
io_dip[19]     |io_led[21]     |   16.975|
io_dip[19]     |io_led[22]     |   16.072|
io_dip[19]     |io_led[23]     |   16.556|
io_dip[19]     |io_seg[0]      |   17.427|
io_dip[19]     |io_seg[1]      |   17.241|
io_dip[19]     |io_seg[2]      |   18.955|
io_dip[19]     |io_seg[3]      |   18.604|
io_dip[19]     |io_seg[4]      |   18.483|
io_dip[19]     |io_seg[5]      |   17.425|
io_dip[19]     |io_seg[6]      |   18.292|
io_dip[19]     |io_seg[7]      |   19.189|
io_dip[20]     |io_led[16]     |   15.768|
io_dip[20]     |io_led[17]     |   14.662|
io_dip[20]     |io_led[18]     |   14.998|
io_dip[20]     |io_led[19]     |   14.685|
io_dip[20]     |io_led[20]     |   15.974|
io_dip[20]     |io_led[21]     |   15.201|
io_dip[20]     |io_led[22]     |   16.468|
io_dip[20]     |io_led[23]     |   14.906|
io_dip[20]     |io_seg[0]      |   15.777|
io_dip[20]     |io_seg[1]      |   15.591|
io_dip[20]     |io_seg[2]      |   17.305|
io_dip[20]     |io_seg[3]      |   16.954|
io_dip[20]     |io_seg[4]      |   16.833|
io_dip[20]     |io_seg[5]      |   15.775|
io_dip[20]     |io_seg[6]      |   16.642|
io_dip[20]     |io_seg[7]      |   17.539|
io_dip[21]     |io_led[16]     |   15.345|
io_dip[21]     |io_led[17]     |   14.273|
io_dip[21]     |io_led[18]     |   15.002|
io_dip[21]     |io_led[19]     |   15.099|
io_dip[21]     |io_led[20]     |   15.551|
io_dip[21]     |io_led[21]     |   15.268|
io_dip[21]     |io_led[22]     |   16.045|
io_dip[21]     |io_led[23]     |   14.881|
io_dip[21]     |io_seg[0]      |   15.752|
io_dip[21]     |io_seg[1]      |   15.566|
io_dip[21]     |io_seg[2]      |   17.280|
io_dip[21]     |io_seg[3]      |   16.929|
io_dip[21]     |io_seg[4]      |   16.808|
io_dip[21]     |io_seg[5]      |   15.750|
io_dip[21]     |io_seg[6]      |   16.617|
io_dip[21]     |io_seg[7]      |   17.514|
io_dip[22]     |io_led[16]     |   15.854|
io_dip[22]     |io_led[17]     |   15.485|
io_dip[22]     |io_led[18]     |   15.785|
io_dip[22]     |io_led[19]     |   14.509|
io_dip[22]     |io_led[20]     |   15.752|
io_dip[22]     |io_led[21]     |   14.845|
io_dip[22]     |io_led[22]     |   16.246|
io_dip[22]     |io_led[23]     |   16.438|
io_dip[22]     |io_seg[0]      |   17.309|
io_dip[22]     |io_seg[1]      |   17.123|
io_dip[22]     |io_seg[2]      |   18.837|
io_dip[22]     |io_seg[3]      |   18.486|
io_dip[22]     |io_seg[4]      |   18.365|
io_dip[22]     |io_seg[5]      |   17.307|
io_dip[22]     |io_seg[6]      |   18.174|
io_dip[22]     |io_seg[7]      |   19.071|
io_dip[23]     |io_led[16]     |   16.539|
io_dip[23]     |io_led[17]     |   16.367|
io_dip[23]     |io_led[18]     |   16.667|
io_dip[23]     |io_led[19]     |   16.043|
io_dip[23]     |io_led[20]     |   15.997|
io_dip[23]     |io_led[21]     |   16.141|
io_dip[23]     |io_led[22]     |   16.658|
io_dip[23]     |io_led[23]     |   17.320|
io_dip[23]     |io_seg[0]      |   18.191|
io_dip[23]     |io_seg[1]      |   18.005|
io_dip[23]     |io_seg[2]      |   19.719|
io_dip[23]     |io_seg[3]      |   19.368|
io_dip[23]     |io_seg[4]      |   19.247|
io_dip[23]     |io_seg[5]      |   18.189|
io_dip[23]     |io_seg[6]      |   19.056|
io_dip[23]     |io_seg[7]      |   19.953|
---------------+---------------+---------+


Analysis completed Fri Oct 20 16:19:44 2017 
--------------------------------------------------------------------------------

Trace Settings:
-------------------------
Trace Settings 

Peak Memory Usage: 215 MB



